--version-check 0 --verbose -a dna bin_1.fasta tmp/valik/my_dir/query_1_0.fasta -e 0.000000 -l 100 -o tmp/valik/my_dir/query_1_0.fasta.gff --repeatPeriod 1 --repeatLength 1000 --verification exact --xDrop 5.000000 --abundanceCut 1.000000 --numMatches 50 --sortThresh 500
--version-check 0 --verbose -a dna bin_6.fasta tmp/valik/my_dir/query_6_0.fasta -e 0.000000 -l 100 -o tmp/valik/my_dir/query_6_0.fasta.gff --repeatPeriod 1 --repeatLength 1000 --verification exact --xDrop 5.000000 --abundanceCut 1.000000 --numMatches 50 --sortThresh 500
--version-check 0 --verbose -a dna bin_7.fasta tmp/valik/my_dir/query_7_0.fasta -e 0.000000 -l 100 -o tmp/valik/my_dir/query_7_0.fasta.gff --repeatPeriod 1 --repeatLength 1000 --verification exact --xDrop 5.000000 --abundanceCut 1.000000 --numMatches 50 --sortThresh 500
--version-check 0 --verbose -a dna bin_6.fasta tmp/valik/my_dir/query_6_1.fasta -e 0.000000 -l 100 -o tmp/valik/my_dir/query_6_1.fasta.gff --repeatPeriod 1 --repeatLength 1000 --verification exact --xDrop 5.000000 --abundanceCut 1.000000 --numMatches 50 --sortThresh 500
--version-check 0 --verbose -a dna bin_5.fasta tmp/valik/my_dir/query_5_0.fasta -e 0.000000 -l 100 -o tmp/valik/my_dir/query_5_0.fasta.gff --repeatPeriod 1 --repeatLength 1000 --verification exact --xDrop 5.000000 --abundanceCut 1.000000 --numMatches 50 --sortThresh 500
--version-check 0 --verbose -a dna bin_4.fasta tmp/valik/my_dir/query_4_0.fasta -e 0.000000 -l 100 -o tmp/valik/my_dir/query_4_0.fasta.gff --repeatPeriod 1 --repeatLength 1000 --verification exact --xDrop 5.000000 --abundanceCut 1.000000 --numMatches 50 --sortThresh 500
--version-check 0 --verbose -a dna bin_3.fasta tmp/valik/my_dir/query_3_0.fasta -e 0.000000 -l 100 -o tmp/valik/my_dir/query_3_0.fasta.gff --repeatPeriod 1 --repeatLength 1000 --verification exact --xDrop 5.000000 --abundanceCut 1.000000 --numMatches 50 --sortThresh 500
--version-check 0 --verbose -a dna bin_2.fasta tmp/valik/my_dir/query_2_0.fasta -e 0.000000 -l 100 -o tmp/valik/my_dir/query_2_0.fasta.gff --repeatPeriod 1 --repeatLength 1000 --verification exact --xDrop 5.000000 --abundanceCut 1.000000 --numMatches 50 --sortThresh 500
--version-check 0 --verbose -a dna bin_1.fasta tmp/valik/my_dir/query_1_1.fasta -e 0.000000 -l 100 -o tmp/valik/my_dir/query_1_1.fasta.gff --repeatPeriod 1 --repeatLength 1000 --verification exact --xDrop 5.000000 --abundanceCut 1.000000 --numMatches 50 --sortThresh 500
--version-check 0 --verbose -a dna bin_0.fasta tmp/valik/my_dir/query_0_0.fasta -e 0.000000 -l 100 -o tmp/valik/my_dir/query_0_0.fasta.gff --repeatPeriod 1 --repeatLength 1000 --verification exact --xDrop 5.000000 --abundanceCut 1.000000 --numMatches 50 --sortThresh 500
