--version-check 0 --verbose -a dna single_reference.fasta tmp/valik/my_dir/query_1_0.fasta --referenceLength 10240 --sequenceOfInterest 0 --segmentBegin 2548 --segmentEnd 5146 -e 0.020000 -l 50 -o tmp/valik/my_dir/query_1_0.fasta.gff --repeatPeriod 1 --repeatLength 1000 --verification exact --xDrop 5.000000 --abundanceCut 1.000000 --numMatches 50 --sortThresh 500
--version-check 0 --verbose -a dna single_reference.fasta tmp/valik/my_dir/query_0_0.fasta --referenceLength 10240 --sequenceOfInterest 0 --segmentBegin 0 --segmentEnd 2598 -e 0.020000 -l 50 -o tmp/valik/my_dir/query_0_0.fasta.gff --repeatPeriod 1 --repeatLength 1000 --verification exact --xDrop 5.000000 --abundanceCut 1.000000 --numMatches 50 --sortThresh 500
--version-check 0 --verbose -a dna single_reference.fasta tmp/valik/my_dir/query_3_0.fasta --referenceLength 10240 --sequenceOfInterest 0 --segmentBegin 7644 --segmentEnd 10240 -e 0.020000 -l 50 -o tmp/valik/my_dir/query_3_0.fasta.gff --repeatPeriod 1 --repeatLength 1000 --verification exact --xDrop 5.000000 --abundanceCut 1.000000 --numMatches 50 --sortThresh 500
--version-check 0 --verbose -a dna single_reference.fasta tmp/valik/my_dir/query_2_0.fasta --referenceLength 10240 --sequenceOfInterest 0 --segmentBegin 5096 --segmentEnd 7694 -e 0.020000 -l 50 -o tmp/valik/my_dir/query_2_0.fasta.gff --repeatPeriod 1 --repeatLength 1000 --verification exact --xDrop 5.000000 --abundanceCut 1.000000 --numMatches 50 --sortThresh 500
--version-check 0 --verbose -a dna single_reference.fasta tmp/valik/my_dir/query_0_1.fasta --referenceLength 10240 --sequenceOfInterest 0 --segmentBegin 0 --segmentEnd 2598 -e 0.020000 -l 50 -o tmp/valik/my_dir/query_0_1.fasta.gff --repeatPeriod 1 --repeatLength 1000 --verification exact --xDrop 5.000000 --abundanceCut 1.000000 --numMatches 50 --sortThresh 500
--version-check 0 --verbose -a dna single_reference.fasta tmp/valik/my_dir/query_1_1.fasta --referenceLength 10240 --sequenceOfInterest 0 --segmentBegin 2548 --segmentEnd 5146 -e 0.020000 -l 50 -o tmp/valik/my_dir/query_1_1.fasta.gff --repeatPeriod 1 --repeatLength 1000 --verification exact --xDrop 5.000000 --abundanceCut 1.000000 --numMatches 50 --sortThresh 500
--version-check 0 --verbose -a dna single_reference.fasta tmp/valik/my_dir/query_2_1.fasta --referenceLength 10240 --sequenceOfInterest 0 --segmentBegin 5096 --segmentEnd 7694 -e 0.020000 -l 50 -o tmp/valik/my_dir/query_2_1.fasta.gff --repeatPeriod 1 --repeatLength 1000 --verification exact --xDrop 5.000000 --abundanceCut 1.000000 --numMatches 50 --sortThresh 500
--version-check 0 --verbose -a dna single_reference.fasta tmp/valik/my_dir/query_3_1.fasta --referenceLength 10240 --sequenceOfInterest 0 --segmentBegin 7644 --segmentEnd 10240 -e 0.020000 -l 50 -o tmp/valik/my_dir/query_3_1.fasta.gff --repeatPeriod 1 --repeatLength 1000 --verification exact --xDrop 5.000000 --abundanceCut 1.000000 --numMatches 50 --sortThresh 500
